Host: bhd0024   FPA: 1   CPUs: 32
FPA1 (CO2_weak): molecules=['co2', 'h2o']  wn=[6153.54,6301.59]
lookup table built (400 samples, 2.7s)
raw render done (16.7s)
rectified (1024, 1156) (17.9s)
3072 retrievals (1024 rows x 3 pipeline/order combos), 32 workers, gases=['co2', 'h2o']
  200/3072 done (152s)
  400/3072 done (279s)
  600/3072 done (380s)
  800/3072 done (481s)
  1000/3072 done (576s)
  1200/3072 done (870s)
  1400/3072 done (1091s)
  1600/3072 done (1262s)
  1800/3072 done (1526s)
  2000/3072 done (1702s)
  2200/3072 done (1797s)
  2400/3072 done (1893s)
  2600/3072 done (2029s)
  2800/3072 done (2145s)
  3000/3072 done (2248s)
all done (2261s)
diverged: 142, off-detector (rectified only): 21, total: 3072
saved /gpfs/fs2/scratch/scrowel3_lab/geocarb_simulator/results/gd_band_stress_test_fpa1.pkl
