Host: bhd0023   FPA: 0   CPUs: 32
FPA0 (O2_A): molecules=['o2', 'h2o']  wn=[12946.96,13243.01]
lookup table built (400 samples, 5.3s)
raw render done (37.2s)
rectified (1024, 1046) (38.1s)
3072 retrievals (1024 rows x 3 pipeline/order combos), 32 workers, gases=['o2', 'h2o']
  200/3072 done (561s)
  400/3072 done (995s)
  600/3072 done (1330s)
  800/3072 done (1775s)
  1000/3072 done (2109s)
  1200/3072 done (2536s)
  1400/3072 done (2892s)
  1600/3072 done (3316s)
  1800/3072 done (3668s)
  2000/3072 done (4085s)
  2200/3072 done (4413s)
  2400/3072 done (4811s)
  2600/3072 done (5186s)
  2800/3072 done (5539s)
  3000/3072 done (5889s)
all done (5941s)
diverged: 16, off-detector (rectified only): 11, total: 3072
saved /gpfs/fs2/scratch/scrowel3_lab/geocarb_simulator/results/gd_band_stress_test_fpa0.pkl
