Host: bhd0030   FPA: 3   CPUs: 32   Uniform: 1
FPA3 (CH4_CO): molecules=['ch4', 'co', 'h2o', 'n2o']  wn=[4248.60,4360.69]
lookup table built (1 samples, 0.5s)
raw render done (2.0s)
rectified (1024, 770) (2.6s)
3072 retrievals (1024 rows x 3 pipeline/order combos), 32 workers, gases=['ch4', 'co', 'h2o']
  200/3072 done (84s)
  400/3072 done (159s)
  600/3072 done (211s)
  800/3072 done (285s)
  1000/3072 done (335s)
  1200/3072 done (445s)
  1400/3072 done (533s)
  1600/3072 done (630s)
  1800/3072 done (718s)
  2000/3072 done (809s)
  2200/3072 done (869s)
  2400/3072 done (941s)
  2600/3072 done (1017s)
  2800/3072 done (1082s)
  3000/3072 done (1150s)
all done (1158s)
diverged: 18, off-detector (rectified only): 13, total: 3072
saved /gpfs/fs2/scratch/scrowel3_lab/geocarb_simulator/results/gd_band_stress_test_fpa3_uniform.pkl
