Host: bhd0024   FPA: 1   CPUs: 32   Uniform: 0
FPA1 (CO2_weak): molecules=['co2', 'h2o']  wn=[6153.54,6301.59]
lookup table built (400 samples, 2.7s)
raw render done (16.6s)
rectified (1024, 1156) (17.4s)
3072 retrievals (1024 rows x 3 pipeline/order combos), 32 workers, gases=['co2', 'h2o']
  200/3072 done (153s)
  400/3072 done (300s)
  600/3072 done (389s)
  800/3072 done (498s)
  1000/3072 done (598s)
  1200/3072 done (908s)
  1400/3072 done (1095s)
  1600/3072 done (1312s)
  1800/3072 done (1517s)
  2000/3072 done (1738s)
  2200/3072 done (1832s)
  2400/3072 done (1917s)
  2600/3072 done (2040s)
  2800/3072 done (2126s)
  3000/3072 done (2219s)
all done (2227s)
diverged: 154, off-detector (rectified only): 21, total: 3072
saved /gpfs/fs2/scratch/scrowel3_lab/geocarb_simulator/results/gd_band_stress_test_fpa1.pkl
