Host: bhd0026   FPA: 3   CPUs: 32   Uniform: 0
FPA3 (CH4_CO): molecules=['ch4', 'co', 'h2o', 'n2o']  wn=[4248.60,4360.69]
lookup table built (400 samples, 3.3s)
raw render done (13.9s)
rectified (1024, 770) (14.8s)
3072 retrievals (1024 rows x 3 pipeline/order combos), 32 workers, gases=['ch4', 'co', 'h2o']
  200/3072 done (187s)
  400/3072 done (371s)
  600/3072 done (486s)
  800/3072 done (623s)
  1000/3072 done (744s)
  1200/3072 done (883s)
  1400/3072 done (993s)
  1600/3072 done (1109s)
  1800/3072 done (1207s)
  2000/3072 done (1340s)
  2200/3072 done (1455s)
  2400/3072 done (1574s)
  2600/3072 done (1726s)
  2800/3072 done (1849s)
  3000/3072 done (1968s)
all done (1991s)
diverged: 41, off-detector (rectified only): 13, total: 3072
saved /gpfs/fs2/scratch/scrowel3_lab/geocarb_simulator/results/gd_band_stress_test_fpa3.pkl
