Host: bhd0028   FPA: 1   CPUs: 32   Uniform: 1
FPA1 (CO2_weak): molecules=['co2', 'h2o']  wn=[6153.54,6301.59]
lookup table built (1 samples, 0.5s)
raw render done (2.0s)
rectified (1024, 1156) (2.9s)
3072 retrievals (1024 rows x 3 pipeline/order combos), 32 workers, gases=['co2', 'h2o']
  200/3072 done (120s)
  400/3072 done (178s)
  600/3072 done (236s)
  800/3072 done (302s)
  1000/3072 done (389s)
  1200/3072 done (653s)
  1400/3072 done (877s)
  1600/3072 done (1052s)
  1800/3072 done (1228s)
  2000/3072 done (1456s)
  2200/3072 done (1515s)
  2400/3072 done (1573s)
  2600/3072 done (1634s)
  2800/3072 done (1690s)
  3000/3072 done (1743s)
all done (1752s)
diverged: 172, off-detector (rectified only): 21, total: 3072
saved /gpfs/fs2/scratch/scrowel3_lab/geocarb_simulator/results/gd_band_stress_test_fpa1_uniform.pkl
