Host: bhd0025   FPA: 2   CPUs: 32   Uniform: 0
FPA2 (CO2_strong): molecules=['co2', 'h2o']  wn=[4781.83,4905.35]
lookup table built (400 samples, 2.5s)
raw render done (14.0s)
rectified (1024, 1075) (15.2s)
3072 retrievals (1024 rows x 3 pipeline/order combos), 32 workers, gases=['co2', 'h2o']
  200/3072 done (197s)
  400/3072 done (354s)
  600/3072 done (472s)
  800/3072 done (610s)
  1000/3072 done (743s)
  1200/3072 done (920s)
  1400/3072 done (1082s)
  1600/3072 done (1271s)
  1800/3072 done (1442s)
  2000/3072 done (1600s)
  2200/3072 done (1715s)
  2400/3072 done (1827s)
  2600/3072 done (1948s)
  2800/3072 done (2067s)
  3000/3072 done (2181s)
all done (2198s)
diverged: 77, off-detector (rectified only): 17, total: 3072
saved /gpfs/fs2/scratch/scrowel3_lab/geocarb_simulator/results/gd_band_stress_test_fpa2.pkl
